// Jest Snapshot v1, https://goo.gl/fbAQLP

exports[`curated-list initial state is correct 1`] = `
{
  "tracks": [],
}
`;
