// Jest Snapshot v1, https://goo.gl/fbAQLP

exports[`VolumeButtons render render 1`] = `
<VolumeButtons
  disabled={false}
  onVolumeChange={[MockFunction]}
>
  <ButtonGroup
    floated="right"
  >
    <div
      className="ui right floated buttons"
    >
      <VolumeDownButton
        disabled={false}
        onChange={[MockFunction]}
        volume={0}
      >
        <Button
          as="button"
          className="jb-volume-down"
          disabled={false}
        >
          <Ref
            innerRef={
              Object {
                "current": <button
                  class="ui button jb-volume-down"
                >
                  <i
                    aria-hidden="true"
                    class="volume down icon"
                  />
                </button>,
              }
            }
          >
            <RefFindNode
              innerRef={
                Object {
                  "current": <button
                    class="ui button jb-volume-down"
                  >
                    <i
                      aria-hidden="true"
                      class="volume down icon"
                    />
                  </button>,
                }
              }
            >
              <button
                className="ui button jb-volume-down"
                onClick={[Function]}
              >
                <Icon
                  as="i"
                  name="volume down"
                >
                  <i
                    aria-hidden="true"
                    className="volume down icon"
                    onClick={[Function]}
                  />
                </Icon>
              </button>
            </RefFindNode>
          </Ref>
        </Button>
      </VolumeDownButton>
      <span
        className="labelWrapper"
      >
        <ButtonOr
          text={0}
        >
          <div
            className="or"
            data-text={0}
          />
        </ButtonOr>
      </span>
      <VolumeUpButton
        disabled={false}
        onChange={[MockFunction]}
        volume={0}
      >
        <Button
          as="button"
          className="jb-volume-up"
          disabled={false}
          onClick={[Function]}
        >
          <Ref
            innerRef={
              Object {
                "current": <button
                  class="ui button jb-volume-up"
                >
                  <i
                    aria-hidden="true"
                    class="volume up icon"
                  />
                </button>,
              }
            }
          >
            <RefFindNode
              innerRef={
                Object {
                  "current": <button
                    class="ui button jb-volume-up"
                  >
                    <i
                      aria-hidden="true"
                      class="volume up icon"
                    />
                  </button>,
                }
              }
            >
              <button
                className="ui button jb-volume-up"
                onClick={[Function]}
              >
                <Icon
                  as="i"
                  name="volume up"
                >
                  <i
                    aria-hidden="true"
                    className="volume up icon"
                    onClick={[Function]}
                  />
                </Icon>
              </button>
            </RefFindNode>
          </Ref>
        </Button>
      </VolumeUpButton>
    </div>
  </ButtonGroup>
</VolumeButtons>
`;
