// Jest Snapshot v1, https://goo.gl/fbAQLP

exports[`App renders without crashing 1`] = `
<Provider
  store={
    Object {
      "@@observable": [Function],
      "dispatch": [Function],
      "getState": [Function],
      "replaceReducer": [Function],
      "subscribe": [Function],
    }
  }
>
  <Container
    breakpoint={768}
    isMobile={true}
  />
  <ContextProvider>
    <ErrorBoundary>
      <DragDropContext(DashboardContainer) />
    </ErrorBoundary>
  </ContextProvider>
</Provider>
`;
