// Jest Snapshot v1, https://jestjs.io/docs/snapshot-testing

exports[`DraggableSearchItem render with valid props it renders correctly 1`] = `
<div
  class="draggable search-list-item-draggable"
  draggable="true"
  title="You can drag this to sort."
>
  <div
    class="search-list-item"
  >
    <img
      alt="track name"
      class="ui tiny left floated image search-list-item__image"
      src="image1"
      title="Click to add - track name - artist name"
    />
    <div
      class="content"
    >
      <div
        class="search-list-item__header"
      >
        track name - artist name
      </div>
      <div
        class="search-list-item__content"
      >
        album name
      </div>
    </div>
  </div>
  <span
    class="search-list-item__remove"
  >
    Remove
  </span>
</div>
`;
