// Jest Snapshot v1, https://goo.gl/fbAQLP

exports[`VotedBy when no user data does nothing 1`] = `
<Popup
  content={
    <List>
      <ListItem>
        <ListContent>
          <ListDescription>
            <strong>
              19 Dec 2019 @ 1:11 pm
            </strong>
             - 
            User unknown
             
            <Label
              circular={true}
              size="mini"
            >
              3
            </Label>
          </ListDescription>
        </ListContent>
      </ListItem>
    </List>
  }
  disabled={false}
  eventsEnabled={true}
  on={
    Array [
      "click",
      "hover",
    ]
  }
  pinned={false}
  popperModifiers={Array []}
  position="top left"
  trigger={
    <Label
      basic={true}
      className="track-label vote-track-label"
      color="grey"
      content={-4}
      icon="thumbs down"
      ribbon={null}
      size="tiny"
    />
  }
  wide="very"
/>
`;

exports[`VotedBy when no votes are provided just shows a label with +5 vote 1`] = `
<Label
  basic={false}
  className="track-label vote-track-label"
  color="green"
  content={5}
  icon="thumbs up"
  ribbon={null}
  size="tiny"
/>
`;

exports[`VotedBy when no votes are provided just shows a label with -3 vote 1`] = `
<Label
  basic={true}
  className="track-label vote-track-label"
  color="grey"
  content={-3}
  icon="thumbs down"
  ribbon={null}
  size="tiny"
/>
`;

exports[`VotedBy when no votes are provided just shows a label with 0 vote 1`] = `
<Label
  basic={true}
  className="track-label vote-track-label"
  color="grey"
  content={0}
  icon="thumbs up"
  ribbon={null}
  size="tiny"
/>
`;

exports[`VotedBy when no votes are provided just shows a label with 0 vote 2`] = `
<Label
  basic={false}
  className="track-label vote-track-label"
  color="red"
  content={-5}
  icon="thumbs down"
  ribbon={null}
  size="tiny"
/>
`;

exports[`VotedBy when show is false shows nothing 1`] = `""`;

exports[`VotedBy when votes information is provided and a ribbon prop is set displays the correct information 1`] = `
<Popup
  content={
    <List>
      <ListItem>
        <Image
          as="img"
          avatar={true}
          className="voted_by_avatar_image"
          src="link/to/image"
          ui={true}
        />
        <ListContent>
          <ListDescription>
            <strong>
              17 Dec 2019 @ 1:11 pm
            </strong>
             - 
            Big Rainbowhead
             
            <Label
              circular={true}
              size="mini"
            >
              -3
            </Label>
          </ListDescription>
        </ListContent>
      </ListItem>
      <ListItem>
        <Image
          as="img"
          avatar={true}
          className="voted_by_avatar_image"
          src="link/to/duncan/image"
          ui={true}
        />
        <ListContent>
          <ListDescription>
            <strong>
              19 Dec 2019 @ 1:11 pm
            </strong>
             - 
            Duncan
             
            <Label
              circular={true}
              size="mini"
            >
              3
            </Label>
          </ListDescription>
        </ListContent>
      </ListItem>
    </List>
  }
  disabled={false}
  eventsEnabled={true}
  on={
    Array [
      "click",
      "hover",
    ]
  }
  pinned={false}
  popperModifiers={Array []}
  position="top left"
  trigger={
    <Label
      basic={true}
      className="track-label vote-track-label"
      color="grey"
      content={-4}
      icon="thumbs down"
      ribbon="right"
      size="tiny"
    />
  }
  wide="very"
/>
`;

exports[`VotedBy when votes information is provided and no ribbon prop displays the correct information 1`] = `
<Popup
  content={
    <List>
      <ListItem>
        <Image
          as="img"
          avatar={true}
          className="voted_by_avatar_image"
          src="link/to/image"
          ui={true}
        />
        <ListContent>
          <ListDescription>
            <strong>
              17 Dec 2019 @ 1:11 pm
            </strong>
             - 
            Big Rainbowhead
             
            <Label
              circular={true}
              size="mini"
            >
              -3
            </Label>
          </ListDescription>
        </ListContent>
      </ListItem>
      <ListItem>
        <Image
          as="img"
          avatar={true}
          className="voted_by_avatar_image"
          src="link/to/duncan/image"
          ui={true}
        />
        <ListContent>
          <ListDescription>
            <strong>
              19 Dec 2019 @ 1:11 pm
            </strong>
             - 
            Duncan
             
            <Label
              circular={true}
              size="mini"
            >
              3
            </Label>
          </ListDescription>
        </ListContent>
      </ListItem>
    </List>
  }
  disabled={false}
  eventsEnabled={true}
  on={
    Array [
      "click",
      "hover",
    ]
  }
  pinned={false}
  popperModifiers={Array []}
  position="top left"
  trigger={
    <Label
      basic={true}
      className="track-label vote-track-label"
      color="grey"
      content={-3}
      icon="thumbs down"
      ribbon={null}
      size="tiny"
    />
  }
  wide="very"
/>
`;
